---
source: crates/llvm2-test/tests/cli.rs
expression: "help_of(&[\"pipeline\"])"
---
WS8 — Prove non-ISel stages: regalloc, scheduler, emit

Usage: llvm2-test pipeline [OPTIONS] <COMMAND>

Commands:
  regalloc  Register-allocator correctness theorem
  schedule  Scheduler correctness theorem
  emit      Mach-O writer round-trip theorem
  help      Print this message or the help of the given subcommand(s)

Options:
  -f, --format <FORMAT>
          Output format (human, json, junit)

          Possible values:
          - human: Pretty table + narrative, targeted at humans
          - json:  Machine-readable JSON following the schemas in `evals/schema/`
          - junit: JUnit XML for CI consumers
          
          [default: human]

  -o, --out <PATH>
          Write machine-readable result artifact here. Default:
          `evals/results/<cmd>/<iso-date>.json`

      --config <PATH>
          Config file (TOML). Default: `llvm2-test.toml` at repo root

      --timeout <SECS>
          Per-unit timeout in seconds. Subcommands may apply per-unit defaults when this is unset

      --parallel <N>
          Worker count (honors cargo-serialization lock). Default: auto

  -q, --quiet
          Suppress progress bars; errors still go to stderr

  -v, --verbose...
          Show debug-level events. Repeat for more: -vv, -vvv

      --no-cache
          Ignore proof / corpus caches

      --dry-run
          Print what would run without executing external tools

  -h, --help
          Print help (see a summary with '-h')
